$ ssh-keygen -t rsa -b 4096 -C "laharidas@gmail.com"
lahari@LAPTOP-KE51PG9D MINGW64 /c/ReactRedux/visitor-info (master)
$ ssh-keygen -t rsa -b 4096 -C "laharidas@gmail.com"
Generating public/private rsa key pair.
Enter file in which to save the key (/c/Users/lahari/.ssh/id_rsa):
Enter passphrase (empty for no passphrase):
Enter same passphrase again:
Your identification has been saved in /c/Users/lahari/.ssh/id_rsa.
Your public key has been saved in /c/Users/lahari/.ssh/id_rsa.pub.
The key fingerprint is:
SHA256:q4dJvs/hlseU0DX/tXe5dnhcKMMjr6mrlOuhrcjFBBU laharidas@gmail.com
The key's randomart image is:
+---[RSA 4096]----+
|    E.           |
|   .        o    |
|  .      . . o   |
|   .    . .   . .|
|    .   S. o   o+|
|   o  .. .+ = .o=|
|    oo+oo+ o + o=|
| . o ++*+.o.. .o+|
|  o ooB**+o.  ...|
+----[SHA256]-----+

lahari@LAPTOP-KE51PG9D MINGW64 /c/ReactRedux/visitor-info (master)
$ pwd
/c/ReactRedux/visitor-info

lahari@LAPTOP-KE51PG9D MINGW64 /c/ReactRedux/visitor-info (master)
$ git branch
* master

lahari@LAPTOP-KE51PG9D MINGW64 /c/ReactRedux/visitor-info (master)
$ git push origin master
Permission denied (publickey).
fatal: Could not read from remote repository.

Please make sure you have the correct access rights
and the repository exists.

lahari@LAPTOP-KE51PG9D MINGW64 /c/ReactRedux/visitor-info (master)
$ ls -al ~/.ssh
total 28
drwxr-xr-x 1 lahari 197121    0 Oct  7 05:48 ./
drwxr-xr-x 1 lahari 197121    0 Oct  5 21:39 ../
-rw-r--r-- 1 lahari 197121 3326 Oct  7 05:48 id_rsa
-rw-r--r-- 1 lahari 197121  745 Oct  7 05:48 id_rsa.pub
-rw-r--r-- 1 lahari 197121  803 Oct  7 05:39 known_hosts

lahari@LAPTOP-KE51PG9D MINGW64 /c/ReactRedux/visitor-info (master)
$ eval $(ssh-agent -s)
Agent pid 12840

lahari@LAPTOP-KE51PG9D MINGW64 /c/ReactRedux/visitor-info (master)
$ ssh-add ~/.ssh/id_rsa
Enter passphrase for /c/Users/lahari/.ssh/id_rsa:
Identity added: /c/Users/lahari/.ssh/id_rsa (/c/Users/lahari/.ssh/id_rsa)

lahari@LAPTOP-KE51PG9D MINGW64 /c/ReactRedux/visitor-info (master)
$ git push origin master
Permission denied (publickey).
fatal: Could not read from remote repository.

Please make sure you have the correct access rights
and the repository exists.

lahari@LAPTOP-KE51PG9D MINGW64 /c/ReactRedux/visitor-info (master)
$ clip < ~/.ssh/id_rsa.pub

lahari@LAPTOP-KE51PG9D MINGW64 /c/ReactRedux/visitor-info (master)
$ git push origin master
Counting objects: 83, done.
Delta compression using up to 4 threads.
Compressing objects: 100% (81/81), done.
Writing objects: 100% (83/83), 3.36 MiB | 1.99 MiB/s, done.
Total 83 (delta 5), reused 0 (delta 0)
remote: Resolving deltas: 100% (5/5), done.
To github.com:laharidas/visitor-info.git
 * [new branch]      master -> master

lahari@LAPTOP-KE51PG9D MINGW64 /c/ReactRedux/visitor-info (master)
$

----------------------
$ ssh-keygen -t rsa -b 4096 -C "laharidas@gmail.com"
$ ls -al ~/.ssh (lists pubs)
$ ssh-add ~/.ssh/id_rsa (Enter password--to add identity)
$ clip < ~/.ssh/id_rsa.pub (Generated public key and stored in clipboard)
go to GitHub website and add SSH key details

$ git push origin master
